// 重构日志: ecf13d54
// 同步 ID: b55d21f7 @ Sat Jul 18 10:45:19 UTC 2026
// 同步 ID: 0325de62 @ Sat Jul 18 12:35:00 UTC 2026
// 重构日志: 97470227
// 重构日志: 0c64d1e4
// 重构日志: 7affb74d
// 重构日志: 5e4bd7df
// 重构日志: 109d89be
// 重构日志: f4a67ebc
// 重构日志: 7bdf9623
// 同步 ID: 74e55f9b @ Sun Jul 19 17:50:59 UTC 2026
// 同步 ID: 7cd40388 @ Sun Jul 19 20:08:42 UTC 2026
// 重构日志: eb3b3d87
// 重构日志: edfabe61
// 重构日志: 38f72a11
// 同步 ID: 9a09b68f @ Tue Jul 21 17:59:14 UTC 2026
// 重构日志: 5c4e43e6
// 同步 ID: 87925537 @ Wed Jul 22 10:55:57 UTC 2026
// 同步 ID: d906cdcd @ Wed Jul 22 15:53:29 UTC 2026
// 重构日志: 4340fb97
// 重构日志: b62fe895
// 重构日志: f587cc19
// 重构日志: fa415c4a
// 重构日志: 50d75886
// 重构日志: 6543a97c
// 重构日志: 3991825f
// 重构日志: 53197711
// 重构日志: a2cc9264
// 重构日志: 730bceaa
// 同步 ID: 9707e44f @ Fri Jul 31 05:57:54 UTC 2026
// 重构日志: 6f7dfae5
// 重构日志: 48c4d4cc
// 重构日志: ea2a2e69
